BL51 BANKED LINKER/LOCATER V6.22.2.0                                                    08/28/2022  12:28:54  PAGE 1


BL51 BANKED LINKER/LOCATER V6.22.2.0, INVOKED BY:
E:\KALI\C51\BIN\BL51.EXE .\Objects\main.obj, .\Objects\Debug.obj, .\Objects\WS2812.obj, .\Objects\UART1.obj TO .\Objects
>> \test PRINT (.\Listings\test.m51) RAMSIZE (256) DISABLEWARNING (16)


MEMORY MODEL: SMALL


INPUT MODULES INCLUDED:
  .\Objects\main.obj (MAIN)
  .\Objects\Debug.obj (DEBUG)
  .\Objects\WS2812.obj (WS2812)
  .\Objects\UART1.obj (UART1)
  E:\KALI\C51\LIB\C51S.LIB (?C_STARTUP)
  E:\KALI\C51\LIB\C51S.LIB (?C?CLDPTR)
  E:\KALI\C51\LIB\C51S.LIB (?C?LMUL)
  E:\KALI\C51\LIB\C51S.LIB (?C?ULDIV)
  E:\KALI\C51\LIB\C51S.LIB (?C?ULCMP)
  E:\KALI\C51\LIB\C51S.LIB (?C?ULSHR)
  E:\KALI\C51\LIB\C51S.LIB (?C?LSTPDATA)
  E:\KALI\C51\LIB\C51S.LIB (?C?LSTKPDATA)
  E:\KALI\C51\LIB\C51S.LIB (?C?OFFXADD)
  E:\KALI\C51\LIB\C51S.LIB (?C_INIT)


LINK MAP OF MODULE:  .\Objects\test (MAIN)


            TYPE    BASE      LENGTH    RELOCATION   SEGMENT NAME
            -----------------------------------------------------

            * * * * * * *   D A T A   M E M O R Y   * * * * * * *
            REG     0000H     0008H     ABSOLUTE     "REG BANK 0"
            DATA    0008H     000BH     UNIT         ?DT?MAIN
            DATA    0013H     0005H     UNIT         ?DT?MINITSTDIO?DEBUG
            REG     0018H     0008H     ABSOLUTE     "REG BANK 3"
            DATA    0020H     0006H     UNIT         ?DT?_DISPLAY_SUIJI?MAIN
            DATA    0026H     0004H     UNIT         ?DT?_CONFIGT0?MAIN
            DATA    002AH     0004H     UNIT         ?DT?_WS2812RGBVALUE?WS2812
            DATA    002EH     0004H     UNIT         _DATA_GROUP_
            IDATA   0032H     0001H     UNIT         ?STACK

            * * * * * * *  X D A T A   M E M O R Y  * * * * * * *
            XDATA   0000H     000AH     INPAGE       ?PD?MAIN

            * * * * * * *   C O D E   M E M O R Y   * * * * * * *
            CODE    0000H     0003H     ABSOLUTE     
            CODE    0003H     001FH     UNIT         ?PR?_WS2812RGBVALUE?WS2812
            CODE    0022H     0008H     UNIT         ?PR?CH554UART0RCVBYTE?DEBUG
                    002AH     0001H                  *** GAP ***
            CODE    002BH     0003H     ABSOLUTE     
            CODE    002EH     019BH     UNIT         ?PR?_WS2812DATA?MAIN
            CODE    01C9H     018BH     UNIT         ?C?LIB_CODE
            CODE    0354H     0160H     UNIT         ?PR?_WS2812DATATRANSLATOR?WS2812
            CODE    04B4H     009EH     UNIT         ?PR?KEY_DRIVER?MAIN
            CODE    0552H     008CH     UNIT         ?C_C51STARTUP
            CODE    05DEH     0084H     UNIT         ?PR?_CONFIGT2?MAIN
            CODE    0662H     0083H     UNIT         ?PR?_CONFIGT0?MAIN
BL51 BANKED LINKER/LOCATER V6.22.2.0                                                  08/28/2022  12:28:54  PAGE 2


            CODE    06E5H     0079H     UNIT         ?PR?MINITSTDIO?DEBUG
            CODE    075EH     005AH     UNIT         ?CO?MAIN
            CODE    07B8H     0051H     UNIT         ?PR?_ANLX_BIT?MAIN
            CODE    0809H     004CH     UNIT         ?PR?MTIMER2INTERRUPT?MAIN
            CODE    0855H     004BH     UNIT         ?PR?_DISPLAY_SUIJI?MAIN
            CODE    08A0H     0030H     UNIT         ?C_INITSEG
            CODE    08D0H     0029H     UNIT         ?PR?_DISPLAY_CHAR?MAIN
            CODE    08F9H     001EH     UNIT         ?PR?_WS2812INITIALIZE?WS2812
            CODE    0917H     001BH     UNIT         ?PR?MAIN?MAIN
            CODE    0932H     001AH     UNIT         ?PR?_MDELAYUS?DEBUG
            CODE    094CH     0017H     UNIT         ?PR?_MDELAYMS?DEBUG
            CODE    0963H     0017H     UNIT         ?PR?_CH554WDTMODESELECT?DEBUG
            CODE    097AH     0014H     UNIT         ?PR?_DEC_BCD?MAIN
            CODE    098EH     0013H     UNIT         ?PR?_DISPLAY_RGB?MAIN
            CODE    09A1H     0012H     UNIT         ?PR?CFGFSYS?DEBUG
            CODE    09B3H     000CH     UNIT         ?PR?UART1INIT?UART1
            CODE    09BFH     0008H     UNIT         ?PR?_CH554UART0SENDBYTE?DEBUG
            CODE    09C7H     0008H     UNIT         ?PR?CH554UART1RCVBYTE?UART1
            CODE    09CFH     0008H     UNIT         ?PR?_CH554UART1SENDBYTE?UART1
            CODE    09D7H     0004H     UNIT         ?PR?CH554UART0ALTER?DEBUG
            CODE    09DBH     0003H     UNIT         ?PR?_CH554WDTFEED?DEBUG



OVERLAY MAP OF MODULE:   .\Objects\test (MAIN)


SEGMENT                                    DATA_GROUP 
  +--> CALLED SEGMENT                    START    LENGTH
--------------------------------------------------------
?C_C51STARTUP                            -----    -----
  +--> ?PR?MAIN?MAIN
  +--> ?C_INITSEG

?PR?MAIN?MAIN                            -----    -----
  +--> ?PR?CFGFSYS?DEBUG
  +--> ?PR?_MDELAYMS?DEBUG
  +--> ?PR?_CONFIGT2?MAIN
  +--> ?PR?UART1INIT?UART1
  +--> ?PR?KEY_DRIVER?MAIN

?PR?_MDELAYMS?DEBUG                      -----    -----
  +--> ?PR?_MDELAYUS?DEBUG

?PR?_CONFIGT2?MAIN                       002EH    0004H

?PR?KEY_DRIVER?MAIN                      -----    -----
  +--> ?PR?_MDELAYMS?DEBUG
  +--> ?PR?_CH554UART1SENDBYTE?UART1



SYMBOL TABLE OF MODULE:  .\Objects\test (MAIN)

  VALUE           TYPE          NAME
  ----------------------------------

BL51 BANKED LINKER/LOCATER V6.22.2.0                                                  08/28/2022  12:28:54  PAGE 3


  -------         MODULE        MAIN
  C:0000H         SYMBOL        _ICE_DUMMY_
  X:0000H         PUBLIC        Double_TimeThr
  D:0090H         PUBLIC        P1
  C:0855H         PUBLIC        _display_suiji
  D:00B0H         PUBLIC        P3
  B:00A8H.7       PUBLIC        EA
  X:0004H         PUBLIC        Key_Flag
  D:00E8H         PUBLIC        IE_EX
  D:00A8H         PUBLIC        IE
  C:098EH         PUBLIC        _display_rgb
  D:00B8H         PUBLIC        IP
  D:0008H         PUBLIC        T0RH
  D:0009H         PUBLIC        T2RH
  D:000AH         PUBLIC        SEED
  D:000CH         PUBLIC        T0RL
  D:000DH         PUBLIC        T2RL
  D:00D8H         PUBLIC        USB_INT_FG
  C:0917H         PUBLIC        main
  B:00C8H.1       PUBLIC        C_T2
  B:0090H.5       PUBLIC        Key
  D:000EH         PUBLIC        count
  B:00C8H.5       PUBLIC        RCLK
  B:00C8H.4       PUBLIC        TCLK
  D:0098H         PUBLIC        SCON
  B:00B0H.0       PUBLIC        P14
  D:0089H         PUBLIC        TMOD
  D:0088H         PUBLIC        TCON
  C:07B8H         PUBLIC        _Anlx_bit
  D:00F8H         PUBLIC        SPI0_STAT
  X:0005H         PUBLIC        Second_Flag
  B:00C8H.0       PUBLIC        CP_RL2
  B:00A8H.1       PUBLIC        ET0
  B:0088H.5       PUBLIC        TF0
  B:00A8H.5       PUBLIC        ET2
  B:00C8H.7       PUBLIC        TF2
  D:008CH         PUBLIC        TH0
  D:00CDH         PUBLIC        TH2
  D:008AH         PUBLIC        TL0
  D:00CCH         PUBLIC        TL2
  B:00C8H.2       PUBLIC        TR2
  C:075EH         PUBLIC        HUXICODE
  C:0662H         PUBLIC        _ConfigT0
  D:0010H         PUBLIC        num_count
  D:0080H         PUBLIC        ADC_CTRL
  C:05DEH         PUBLIC        _ConfigT2
  D:00C0H         PUBLIC        SCON1
  X:0006H         PUBLIC        Key_DoubleFlag
  X:0007H         PUBLIC        First_Flag
  D:00C9H         PUBLIC        T2MOD
  D:00C8H         PUBLIC        T2CON
  X:0008H         PUBLIC        Time_Flag
  X:0009H         PUBLIC        End_Flag
  C:0041H         PUBLIC        _WS2812Data
  C:097AH         PUBLIC        _DEC_BCD
  C:0809H         PUBLIC        mTimer2Interrupt
  C:04B4H         PUBLIC        Key_Driver
BL51 BANKED LINKER/LOCATER V6.22.2.0                                                  08/28/2022  12:28:54  PAGE 4


  D:00D0H         PUBLIC        PSW
  C:08D0H         PUBLIC        _display_char
  D:0012H         PUBLIC        LED_AttitudeFlag
  -------         PROC          _ANLX_BIT
  D:0001H         SYMBOL        dat
  -------         DO            
  D:0006H         SYMBOL        i
  -------         ENDDO         
  C:07B8H         LINE#         30
  C:07B8H         LINE#         31
  C:07B8H         LINE#         33
  C:07BBH         LINE#         34
  C:07BBH         LINE#         35
  C:07D0H         LINE#         36
  C:07D0H         LINE#         37
  C:07E5H         LINE#         38
  C:07E7H         LINE#         40
  C:07FDH         LINE#         41
  C:0808H         LINE#         42
  -------         ENDPROC       _ANLX_BIT
  -------         PROC          L?0057
  -------         ENDPROC       L?0057
  -------         PROC          _WS2812DATA
  D:0007H         SYMBOL        value
  C:0041H         LINE#         44
  C:0041H         LINE#         45
  C:0041H         LINE#         46
  C:0045H         LINE#         47
  C:0045H         LINE#         48
  C:005AH         LINE#         49
  C:005CH         LINE#         51
  C:005CH         LINE#         52
  C:0072H         LINE#         53
  C:0072H         LINE#         54
  C:0076H         LINE#         55
  C:0076H         LINE#         56
  C:008BH         LINE#         57
  C:008DH         LINE#         59
  C:008DH         LINE#         60
  C:00A3H         LINE#         61
  C:00A3H         LINE#         62
  C:00A7H         LINE#         63
  C:00A7H         LINE#         64
  C:00BCH         LINE#         65
  C:00BEH         LINE#         67
  C:00BEH         LINE#         68
  C:00D4H         LINE#         69
  C:00D4H         LINE#         70
  C:00D8H         LINE#         71
  C:00D8H         LINE#         72
  C:00EDH         LINE#         73
  C:00EFH         LINE#         75
  C:00EFH         LINE#         76
  C:0105H         LINE#         77
  C:0105H         LINE#         78
  C:0109H         LINE#         79
  C:0109H         LINE#         80
BL51 BANKED LINKER/LOCATER V6.22.2.0                                                  08/28/2022  12:28:54  PAGE 5


  C:011EH         LINE#         81
  C:0120H         LINE#         83
  C:0120H         LINE#         84
  C:0136H         LINE#         85
  C:0136H         LINE#         86
  C:013AH         LINE#         87
  C:013AH         LINE#         88
  C:014FH         LINE#         89
  C:0151H         LINE#         91
  C:0151H         LINE#         92
  C:0167H         LINE#         93
  C:0167H         LINE#         94
  C:016BH         LINE#         95
  C:016BH         LINE#         96
  C:0180H         LINE#         97
  C:0182H         LINE#         99
  C:0182H         LINE#         100
  C:0198H         LINE#         101
  C:0198H         LINE#         102
  C:019CH         LINE#         103
  C:019CH         LINE#         104
  C:01B1H         LINE#         105
  C:01B2H         LINE#         107
  C:01B2H         LINE#         108
  C:01C8H         LINE#         109
  C:01C8H         LINE#         110
  -------         ENDPROC       _WS2812DATA
  -------         PROC          _DISPLAY_RGB
  D:0006H         SYMBOL        r
  D:0007H         SYMBOL        g
  D:0004H         SYMBOL        b
  C:098EH         LINE#         112
  C:0994H         LINE#         113
  C:0994H         LINE#         114
  C:0997H         LINE#         115
  C:099CH         LINE#         116
  -------         ENDPROC       _DISPLAY_RGB
  -------         PROC          _DISPLAY_SUIJI
  D:0005H         SYMBOL        num
  -------         DO            
  D:0002H         SYMBOL        i
  -------         DO            
  D:0020H         SYMBOL        green
  D:0022H         SYMBOL        red
  D:0024H         SYMBOL        blue
  -------         ENDDO         
  -------         ENDDO         
  C:0855H         LINE#         120
  C:0857H         LINE#         121
  C:0857H         LINE#         122
  C:085AH         LINE#         123
  C:0868H         LINE#         124
  C:0868H         LINE#         126
  C:086FH         LINE#         127
  C:0874H         LINE#         128
  C:087EH         LINE#         129
  C:0889H         LINE#         130
BL51 BANKED LINKER/LOCATER V6.22.2.0                                                  08/28/2022  12:28:54  PAGE 6


  C:088EH         LINE#         131
  C:0893H         LINE#         132
  C:0898H         LINE#         133
  C:089FH         LINE#         134
  -------         ENDPROC       _DISPLAY_SUIJI
  -------         PROC          _DISPLAY_CHAR
  D:0004H         SYMBOL        num
  C:08D0H         LINE#         137
  C:08D4H         LINE#         138
  C:08D4H         LINE#         139
  C:08DAH         LINE#         140
  C:08E0H         LINE#         141
  -------         ENDPROC       _DISPLAY_CHAR
  -------         PROC          _CONFIGT0
  D:0003H         SYMBOL        ms
  -------         DO            
  D:0026H         SYMBOL        tmp
  -------         ENDDO         
  C:0662H         LINE#         145
  C:0662H         LINE#         146
  C:0662H         LINE#         147
  C:066BH         LINE#         149
  C:0676H         LINE#         150
  C:0696H         LINE#         151
  C:06ACH         LINE#         152
  C:06C1H         LINE#         153
  C:06CFH         LINE#         154
  C:06D2H         LINE#         156
  C:06DAH         LINE#         157
  C:06DDH         LINE#         158
  C:06E0H         LINE#         159
  C:06E2H         LINE#         160
  C:06E4H         LINE#         161
  -------         ENDPROC       _CONFIGT0
  -------         PROC          _CONFIGT2
  D:0003H         SYMBOL        ms
  -------         DO            
  D:002EH         SYMBOL        tmp
  -------         ENDDO         
  C:05DEH         LINE#         167
  C:05DEH         LINE#         168
  C:05DEH         LINE#         169
  C:05E7H         LINE#         171
  C:05F2H         LINE#         172
  C:0612H         LINE#         173
  C:0628H         LINE#         174
  C:063DH         LINE#         175
  C:064BH         LINE#         176
  C:064EH         LINE#         179
  C:0651H         LINE#         180
  C:0653H         LINE#         181
  C:0655H         LINE#         182
  C:0657H         LINE#         183
  C:0659H         LINE#         184
  C:065CH         LINE#         185
  C:065FH         LINE#         186
  C:0661H         LINE#         188
BL51 BANKED LINKER/LOCATER V6.22.2.0                                                  08/28/2022  12:28:54  PAGE 7


  -------         ENDPROC       _CONFIGT2
  -------         PROC          _DEC_BCD
  D:0007H         SYMBOL        DEC
  -------         DO            
  D:0006H         SYMBOL        BCD
  -------         ENDDO         
  C:097AH         LINE#         201
  C:097AH         LINE#         202
  C:097AH         LINE#         204
  C:0980H         LINE#         205
  C:0987H         LINE#         206
  C:098DH         LINE#         208
  C:098DH         LINE#         209
  -------         ENDPROC       _DEC_BCD
  -------         PROC          KEY_DRIVER
  C:04B4H         LINE#         211
  C:04B4H         LINE#         212
  C:04B4H         LINE#         213
  C:04B7H         LINE#         214
  C:04B7H         LINE#         215
  C:04BEH         LINE#         216
  C:04C4H         LINE#         217
  C:04C4H         LINE#         229
  C:04CCH         LINE#         230
  C:04CCH         LINE#         231
  C:04CEH         LINE#         232
  C:04D1H         LINE#         233
  C:04D3H         LINE#         234
  C:04D3H         LINE#         235
  C:04D3H         LINE#         236
  C:04D4H         LINE#         238
  C:04D4H         LINE#         239
  C:04DBH         LINE#         240
  C:04DBH         LINE#         241
  C:04DCH         LINE#         242
  C:04E4H         LINE#         243
  C:04E4H         LINE#         244
  C:04E6H         LINE#         245
  C:04EFH         LINE#         246
  C:04F0H         LINE#         247
  C:04F6H         LINE#         248
  C:04F6H         LINE#         249
  C:0510H         LINE#         250
  C:0510H         LINE#         251
  C:0514H         LINE#         252
  C:0518H         LINE#         254
  C:0518H         LINE#         255
  C:0518H         LINE#         256
  C:0518H         LINE#         257
  C:051FH         LINE#         258
  C:051FH         LINE#         259
  C:0539H         LINE#         260
  C:0539H         LINE#         261
  C:053DH         LINE#         262
  C:0542H         LINE#         263
  C:0546H         LINE#         264
  C:054FH         LINE#         265
BL51 BANKED LINKER/LOCATER V6.22.2.0                                                  08/28/2022  12:28:54  PAGE 8


  C:0551H         LINE#         267
  C:0551H         LINE#         268
  C:0551H         LINE#         288
  C:0551H         LINE#         290
  -------         ENDPROC       KEY_DRIVER
  -------         PROC          MTIMER2INTERRUPT
  C:0809H         LINE#         296
  C:0816H         LINE#         298
  C:0818H         LINE#         299
  C:081BH         LINE#         300
  C:081BH         LINE#         301
  C:081DH         LINE#         302
  C:0824H         LINE#         303
  C:0824H         LINE#         304
  C:083FH         LINE#         305
  C:0841H         LINE#         307
  C:0841H         LINE#         308
  C:0848H         LINE#         309
  C:0848H         LINE#         312
  C:0848H         LINE#         313
  C:084AH         LINE#         314
  -------         ENDPROC       MTIMER2INTERRUPT
  -------         PROC          MAIN
  C:0917H         LINE#         317
  C:0917H         LINE#         318
  C:0917H         LINE#         322
  C:091AH         LINE#         323
  C:0921H         LINE#         324
  C:0926H         LINE#         325
  C:0928H         LINE#         327
  C:092BH         LINE#         328
  C:092DH         LINE#         330
  C:092DH         LINE#         331
  C:092DH         LINE#         333
  C:0930H         LINE#         366
  -------         ENDPROC       MAIN
  -------         ENDMOD        MAIN

  -------         MODULE        DEBUG
  C:0000H         SYMBOL        _ICE_DUMMY_
  D:0090H         PUBLIC        P1
  D:00B0H         PUBLIC        P3
  C:0963H         PUBLIC        _CH554WDTModeSelect
  C:06E5H         PUBLIC        mInitSTDIO
  D:00E8H         PUBLIC        IE_EX
  D:00A8H         PUBLIC        IE
  C:09DBH         PUBLIC        _CH554WDTFeed
  C:09D7H         PUBLIC        CH554UART0Alter
  D:00B8H         PUBLIC        IP
  B:0098H.0       PUBLIC        RI
  B:0098H.1       PUBLIC        TI
  D:00FFH         PUBLIC        WDOG_COUNT
  D:00B9H         PUBLIC        CLOCK_CFG
  C:094CH         PUBLIC        _mDelaymS
  D:00D8H         PUBLIC        USB_INT_FG
  C:0932H         PUBLIC        _mDelayuS
  B:00C8H.5       PUBLIC        RCLK
BL51 BANKED LINKER/LOCATER V6.22.2.0                                                  08/28/2022  12:28:54  PAGE 9


  B:00C8H.4       PUBLIC        TCLK
  D:0099H         PUBLIC        SBUF
  D:0087H         PUBLIC        PCON
  D:0098H         PUBLIC        SCON
  D:0089H         PUBLIC        TMOD
  D:0088H         PUBLIC        TCON
  C:09A1H         PUBLIC        CfgFsys
  D:00F8H         PUBLIC        SPI0_STAT
  C:09BFH         PUBLIC        _CH554UART0SendByte
  D:008DH         PUBLIC        TH1
  B:0098H.7       PUBLIC        SM0
  B:0098H.6       PUBLIC        SM1
  B:0098H.5       PUBLIC        SM2
  B:0088H.6       PUBLIC        TR1
  C:0022H         PUBLIC        CH554UART0RcvByte
  D:0080H         PUBLIC        ADC_CTRL
  D:00A1H         PUBLIC        SAFE_MOD
  D:00B1H         PUBLIC        GLOBAL_CFG
  D:00C0H         PUBLIC        SCON1
  B:0098H.4       PUBLIC        REN
  D:00C9H         PUBLIC        T2MOD
  D:00C8H         PUBLIC        T2CON
  D:00C6H         PUBLIC        PIN_FUNC
  D:00D0H         PUBLIC        PSW
  -------         PROC          CFGFSYS
  C:09A1H         LINE#         25
  C:09A1H         LINE#         26
  C:09A1H         LINE#         37
  C:09A4H         LINE#         38
  C:09A7H         LINE#         40
  C:09AFH         LINE#         60
  C:09B2H         LINE#         61
  -------         ENDPROC       CFGFSYS
  -------         PROC          _MDELAYUS
  D:0006H         SYMBOL        n
  C:0932H         LINE#         70
  C:0932H         LINE#         71
  C:0932H         LINE#         83
  C:0936H         LINE#         84
  C:0938H         LINE#         87
  C:093AH         LINE#         90
  C:093CH         LINE#         93
  C:093EH         LINE#         96
  C:0940H         LINE#         99
  C:0942H         LINE#         102
  C:0944H         LINE#         105
  C:0949H         LINE#         106
  C:094BH         LINE#         107
  -------         ENDPROC       _MDELAYUS
  -------         PROC          _MDELAYMS
  D:0004H         SYMBOL        n
  C:094CH         LINE#         116
  C:0950H         LINE#         117
  C:0950H         LINE#         118
  C:0954H         LINE#         123
  C:095BH         LINE#         125
  C:0960H         LINE#         126
BL51 BANKED LINKER/LOCATER V6.22.2.0                                                  08/28/2022  12:28:54  PAGE 10


  C:0962H         LINE#         127
  -------         ENDPROC       _MDELAYMS
  -------         PROC          CH554UART0ALTER
  C:09D7H         LINE#         136
  C:09D7H         LINE#         137
  C:09D7H         LINE#         138
  C:09DAH         LINE#         139
  -------         ENDPROC       CH554UART0ALTER
  -------         PROC          MINITSTDIO
  -------         DO            
  D:0013H         SYMBOL        x
  D:0017H         SYMBOL        x2
  -------         ENDDO         
  C:06E5H         LINE#         149
  C:06E5H         LINE#         150
  C:06E5H         LINE#         154
  C:06E7H         LINE#         155
  C:06E9H         LINE#         156
  C:06EBH         LINE#         158
  C:06EDH         LINE#         159
  C:06EFH         LINE#         160
  C:06F2H         LINE#         161
  C:06FDH         LINE#         162
  C:0711H         LINE#         163
  C:072AH         LINE#         164
  C:0746H         LINE#         166
  C:074EH         LINE#         167
  C:0751H         LINE#         168
  C:0757H         LINE#         169
  C:0759H         LINE#         170
  C:075BH         LINE#         171
  C:075DH         LINE#         172
  -------         ENDPROC       MINITSTDIO
  -------         PROC          CH554UART0RCVBYTE
  C:0022H         LINE#         181
  C:0022H         LINE#         182
  C:0022H         LINE#         183
  C:0025H         LINE#         184
  C:0027H         LINE#         185
  C:0029H         LINE#         186
  -------         ENDPROC       CH554UART0RCVBYTE
  -------         PROC          _CH554UART0SENDBYTE
  D:0007H         SYMBOL        SendDat
  C:09BFH         LINE#         195
  C:09BFH         LINE#         196
  C:09BFH         LINE#         197
  C:09C1H         LINE#         198
  C:09C4H         LINE#         199
  C:09C6H         LINE#         200
  -------         ENDPROC       _CH554UART0SENDBYTE
  -------         PROC          _CH554WDTMODESELECT
  D:0007H         SYMBOL        mode
  C:0963H         LINE#         211
  C:0963H         LINE#         212
  C:0963H         LINE#         213
  C:0966H         LINE#         214
  C:0969H         LINE#         215
BL51 BANKED LINKER/LOCATER V6.22.2.0                                                  08/28/2022  12:28:54  PAGE 11


  C:096CH         LINE#         216
  C:096FH         LINE#         217
  C:0971H         LINE#         218
  C:0974H         LINE#         219
  C:0977H         LINE#         220
  C:0979H         LINE#         221
  -------         ENDPROC       _CH554WDTMODESELECT
  -------         PROC          _CH554WDTFEED
  D:0007H         SYMBOL        tim
  C:09DBH         LINE#         232
  C:09DBH         LINE#         233
  C:09DBH         LINE#         234
  C:09DDH         LINE#         235
  -------         ENDPROC       _CH554WDTFEED
  -------         ENDMOD        DEBUG

  -------         MODULE        WS2812
  C:0000H         SYMBOL        _ICE_DUMMY_
  D:0090H         PUBLIC        P1
  D:00B0H         PUBLIC        P3
  D:00E8H         PUBLIC        IE_EX
  D:00A8H         PUBLIC        IE
  C:08F9H         PUBLIC        _WS2812Initialize
  D:00B8H         PUBLIC        IP
  D:00D8H         PUBLIC        USB_INT_FG
  C:0354H         PUBLIC        _WS2812DataTranslator
  D:0098H         PUBLIC        SCON
  D:0088H         PUBLIC        TCON
  D:00F8H         PUBLIC        SPI0_STAT
  D:0080H         PUBLIC        ADC_CTRL
  D:00C0H         PUBLIC        SCON1
  B:00B0H.3       PUBLIC        WS2812_DI
  D:00C8H         PUBLIC        T2CON
  C:0003H         PUBLIC        _WS2812RGBvalue
  D:00D0H         PUBLIC        PSW
  -------         PROC          _WS2812DATATRANSLATOR
  D:0007H         SYMBOL        value
  C:0354H         LINE#         13
  C:0354H         LINE#         14
  C:0354H         LINE#         15
  C:0358H         LINE#         16
  C:0358H         LINE#         17
  C:036CH         LINE#         18
  C:036EH         LINE#         20
  C:036EH         LINE#         21
  C:0380H         LINE#         22
  C:0380H         LINE#         23
  C:0384H         LINE#         24
  C:0384H         LINE#         25
  C:0398H         LINE#         26
  C:039AH         LINE#         28
  C:039AH         LINE#         29
  C:03ACH         LINE#         30
  C:03ACH         LINE#         31
  C:03B0H         LINE#         32
  C:03B0H         LINE#         33
  C:03C4H         LINE#         34
BL51 BANKED LINKER/LOCATER V6.22.2.0                                                  08/28/2022  12:28:54  PAGE 12


  C:03C6H         LINE#         36
  C:03C6H         LINE#         37
  C:03D8H         LINE#         38
  C:03D8H         LINE#         39
  C:03DCH         LINE#         40
  C:03DCH         LINE#         41
  C:03F0H         LINE#         42
  C:03F2H         LINE#         44
  C:03F2H         LINE#         45
  C:0404H         LINE#         46
  C:0404H         LINE#         47
  C:0408H         LINE#         48
  C:0408H         LINE#         49
  C:041CH         LINE#         50
  C:041EH         LINE#         52
  C:041EH         LINE#         53
  C:0430H         LINE#         54
  C:0430H         LINE#         55
  C:0434H         LINE#         56
  C:0434H         LINE#         57
  C:0448H         LINE#         58
  C:044AH         LINE#         60
  C:044AH         LINE#         61
  C:045CH         LINE#         62
  C:045CH         LINE#         63
  C:0460H         LINE#         64
  C:0460H         LINE#         65
  C:0474H         LINE#         66
  C:0476H         LINE#         68
  C:0476H         LINE#         69
  C:0488H         LINE#         70
  C:0488H         LINE#         71
  C:048CH         LINE#         72
  C:048CH         LINE#         73
  C:04A0H         LINE#         74
  C:04A1H         LINE#         76
  C:04A1H         LINE#         77
  C:04B3H         LINE#         78
  C:04B3H         LINE#         79
  -------         ENDPROC       _WS2812DATATRANSLATOR
  -------         PROC          _WS2812RGBVALUE
  D:0006H         SYMBOL        Rvalue
  D:0005H         SYMBOL        Gvalue
  D:0004H         SYMBOL        Bvalue
  D:002DH         SYMBOL        ledQuantity
  C:0003H         LINE#         81
  C:0007H         LINE#         82
  C:0007H         LINE#         83
  C:000EH         LINE#         84
  C:000EH         LINE#         85
  C:0013H         LINE#         86
  C:0018H         LINE#         87
  C:001DH         LINE#         88
  C:001FH         LINE#         89
  C:0021H         LINE#         91
  -------         ENDPROC       _WS2812RGBVALUE
  -------         PROC          _WS2812INITIALIZE
BL51 BANKED LINKER/LOCATER V6.22.2.0                                                  08/28/2022  12:28:54  PAGE 13


  D:0006H         SYMBOL        ledQuantityum
  C:08F9H         LINE#         93
  C:08FBH         LINE#         94
  C:08FBH         LINE#         95
  C:0901H         LINE#         96
  C:0901H         LINE#         97
  C:0906H         LINE#         98
  C:0909H         LINE#         99
  C:090CH         LINE#         100
  C:090EH         LINE#         101
  C:0910H         LINE#         102
  -------         ENDPROC       _WS2812INITIALIZE
  -------         ENDMOD        WS2812

  -------         MODULE        UART1
  C:0000H         SYMBOL        _ICE_DUMMY_
  D:0090H         PUBLIC        P1
  D:00B0H         PUBLIC        P3
  C:09B3H         PUBLIC        UART1Init
  D:00E8H         PUBLIC        IE_EX
  D:00A8H         PUBLIC        IE
  D:00B8H         PUBLIC        IP
  D:00C2H         PUBLIC        SBAUD1
  B:00C0H.0       PUBLIC        U1RI
  B:00C0H.1       PUBLIC        U1TI
  D:00D8H         PUBLIC        USB_INT_FG
  D:0098H         PUBLIC        SCON
  D:0088H         PUBLIC        TCON
  B:00C0H.5       PUBLIC        U1SMOD
  D:00F8H         PUBLIC        SPI0_STAT
  C:09CFH         PUBLIC        _CH554UART1SendByte
  B:00C0H.7       PUBLIC        U1SM0
  C:09C7H         PUBLIC        CH554UART1RcvByte
  D:0080H         PUBLIC        ADC_CTRL
  D:00C1H         PUBLIC        SBUF1
  D:00C0H         PUBLIC        SCON1
  D:00C8H         PUBLIC        T2CON
  B:00C0H.4       PUBLIC        U1REN
  D:00D0H         PUBLIC        PSW
  -------         PROC          UART1INIT
  C:09B3H         LINE#         24
  C:09B3H         LINE#         25
  C:09B3H         LINE#         26
  C:09B5H         LINE#         27
  C:09B7H         LINE#         28
  C:09B9H         LINE#         29
  C:09BCH         LINE#         30
  C:09BEH         LINE#         39
  -------         ENDPROC       UART1INIT
  -------         PROC          CH554UART1RCVBYTE
  C:09C7H         LINE#         47
  C:09C7H         LINE#         48
  C:09C7H         LINE#         49
  C:09CAH         LINE#         50
  C:09CCH         LINE#         51
  C:09CEH         LINE#         52
  -------         ENDPROC       CH554UART1RCVBYTE
BL51 BANKED LINKER/LOCATER V6.22.2.0                                                  08/28/2022  12:28:54  PAGE 14


  -------         PROC          _CH554UART1SENDBYTE
  D:0007H         SYMBOL        SendDat
  C:09CFH         LINE#         61
  C:09CFH         LINE#         62
  C:09CFH         LINE#         63
  C:09D1H         LINE#         64
  C:09D4H         LINE#         65
  C:09D6H         LINE#         66
  -------         ENDPROC       _CH554UART1SENDBYTE
  -------         ENDMOD        UART1

  -------         MODULE        ?C?CLDPTR
  C:01C9H         PUBLIC        ?C?CLDPTR
  -------         ENDMOD        ?C?CLDPTR

  -------         MODULE        ?C?LMUL
  C:01E2H         PUBLIC        ?C?LMUL
  -------         ENDMOD        ?C?LMUL

  -------         MODULE        ?C?ULDIV
  C:026DH         PUBLIC        ?C?ULDIV
  -------         ENDMOD        ?C?ULDIV

  -------         MODULE        ?C?ULCMP
  C:02FFH         PUBLIC        ?C?ULCMP
  -------         ENDMOD        ?C?ULCMP

  -------         MODULE        ?C?ULSHR
  C:0310H         PUBLIC        ?C?ULSHR
  -------         ENDMOD        ?C?ULSHR

  -------         MODULE        ?C?LSTPDATA
  C:0323H         PUBLIC        ?C?LSTPDATA
  -------         ENDMOD        ?C?LSTPDATA

  -------         MODULE        ?C?LSTKPDATA
  C:032FH         PUBLIC        ?C?LSTKPDATA
  -------         ENDMOD        ?C?LSTKPDATA

  -------         MODULE        ?C?OFFXADD
  C:0348H         PUBLIC        ?C?OFFXADD
  -------         ENDMOD        ?C?OFFXADD

Program Size: data=51.0 xdata=10 code=2525
LINK/LOCATE RUN COMPLETE.  0 WARNING(S),  0 ERROR(S)
