BL51 BANKED LINKER/LOCATER V6.22.2.0                                                    08/28/2022  12:35:48  PAGE 1


BL51 BANKED LINKER/LOCATER V6.22.2.0, INVOKED BY:
E:\KALI\C51\BIN\BL51.EXE .\Objects\main.obj, .\Objects\Debug.obj, .\Objects\DS2812B.obj TO .\Objects\test PRINT (.\Listi
>> ngs\test.m51) RAMSIZE (256) DISABLEWARNING (16)


MEMORY MODEL: SMALL


INPUT MODULES INCLUDED:
  .\Objects\main.obj (MAIN)
  .\Objects\Debug.obj (DEBUG)
  .\Objects\DS2812B.obj (DS2812B)
  E:\KALI\C51\LIB\C51S.LIB (?C_STARTUP)
  E:\KALI\C51\LIB\C51S.LIB (?C?COPY)
  E:\KALI\C51\LIB\C51S.LIB (?C?CLDOPTR)
  E:\KALI\C51\LIB\C51S.LIB (?C?LMUL)
  E:\KALI\C51\LIB\C51S.LIB (?C?ULDIV)
  E:\KALI\C51\LIB\C51S.LIB (?C?ULCMP)
  E:\KALI\C51\LIB\C51S.LIB (?C?ULSHR)
  E:\KALI\C51\LIB\C51S.LIB (?C?LSTPDATA)
  E:\KALI\C51\LIB\C51S.LIB (?C?LSTKPDATA)
  E:\KALI\C51\LIB\C51S.LIB (?C?CCASE)
  E:\KALI\C51\LIB\C51S.LIB (?C?MEMSET)
  E:\KALI\C51\LIB\C51S.LIB (?C_INIT)


LINK MAP OF MODULE:  .\Objects\test (MAIN)


            TYPE    BASE      LENGTH    RELOCATION   SEGMENT NAME
            -----------------------------------------------------

            * * * * * * *   D A T A   M E M O R Y   * * * * * * *
            REG     0000H     0008H     ABSOLUTE     "REG BANK 0"
            REG     0008H     0008H     ABSOLUTE     "REG BANK 1"
            REG     0010H     0008H     ABSOLUTE     "REG BANK 2"
            REG     0018H     0008H     ABSOLUTE     "REG BANK 3"
            BIT     0020H.0   0000H.1   UNIT         ?BI?MAIN
                    0020H.1   0000H.7                *** GAP ***
            DATA    0021H     0028H     UNIT         ?DT?MAIN
            DATA    0049H     000FH     UNIT         _DATA_GROUP_
            DATA    0058H     0006H     UNIT         ?DT?DS2812B
            DATA    005EH     0005H     UNIT         ?DT?MINITSTDIO?DEBUG
            IDATA   0063H     0001H     UNIT         ?STACK

            * * * * * * *  X D A T A   M E M O R Y  * * * * * * *
            XDATA   0000H     000AH     ABSOLUTE     
            XDATA   000AH     0042H     ABSOLUTE     
            XDATA   004CH     0003H     INPAGE       ?PD?DS2812B
            XDATA   004FH     0001H     INPAGE       _PDATA_GROUP_
            XDATA   0050H     0040H     ABSOLUTE     
            XDATA   0090H     0010H     INPAGE       ?PD?MAIN
            XDATA   00A0H     0004H     INPAGE       ?PD?_DISPLAY_SUIJI?DS2812B

            * * * * * * *   C O D E   M E M O R Y   * * * * * * *
            CODE    0000H     0003H     ABSOLUTE     
            CODE    0003H     0008H     UNIT         ?PR?READY_FUNCTION?MAIN
            CODE    000BH     0003H     ABSOLUTE     
BL51 BANKED LINKER/LOCATER V6.22.2.0                                                  08/28/2022  12:35:48  PAGE 2


            CODE    000EH     0008H     UNIT         ?PR?CH554UART0RCVBYTE?DEBUG
            CODE    0016H     0004H     UNIT         ?PR?CH554UART0ALTER?DEBUG
                    001AH     0001H                  *** GAP ***
            CODE    001BH     0003H     ABSOLUTE     
            CODE    001EH     0008H     UNIT         ?PR?_CH554UART0SENDBYTE?DEBUG
            CODE    0026H     0003H     UNIT         ?PR?_CH554WDTFEED?DEBUG
                    0029H     0002H                  *** GAP ***
            CODE    002BH     0003H     ABSOLUTE     
            CODE    002EH     0012H     UNIT         ?PR?CFGFSYS?DEBUG
                    0040H     0003H                  *** GAP ***
            CODE    0043H     0003H     ABSOLUTE     
            CODE    0046H     0366H     UNIT         ?PR?DEVICEINTERRUPT?MAIN
            CODE    03ACH     02DBH     UNIT         ?C?LIB_CODE
            CODE    0687H     0192H     UNIT         ?PR?_WS2812DATA?DS2812B
            CODE    0819H     0154H     UNIT         ?PR?KEYDRIVE?MAIN
            CODE    096DH     011DH     UNIT         ?CO?DS2812B
            CODE    0A8AH     010CH     UNIT         ?PR?INTERRUPTTIMER1?DS2812B
            CODE    0B96H     00FAH     UNIT         ?CO?MAIN
            CODE    0C90H     00A7H     UNIT         ?PR?_KEYACTION?MAIN
            CODE    0D37H     008CH     UNIT         ?C_C51STARTUP
            CODE    0DC3H     0087H     UNIT         ?PR?_CONFIGT0?MAIN
            CODE    0E4AH     0086H     UNIT         ?PR?_CONFIGT2?MAIN
            CODE    0ED0H     0083H     UNIT         ?PR?_CONFIGT1?DS2812B
            CODE    0F53H     0079H     UNIT         ?PR?MINITSTDIO?DEBUG
            CODE    0FCCH     006BH     UNIT         ?PR?KEYSCAN?MAIN
            CODE    1037H     0063H     UNIT         ?C_INITSEG
            CODE    109AH     0063H     UNIT         ?PR?_DISPLAY_CHAR?DS2812B
            CODE    10FDH     0052H     UNIT         ?PR?USBDEVICEINIT?MAIN
            CODE    114FH     004CH     UNIT         ?PR?MTIMER2INTERRUPT?MAIN
            CODE    119BH     004CH     UNIT         ?PR?_DISPLAY_TYPE3?DS2812B
            CODE    11E7H     004AH     UNIT         ?PR?_DISPLAY_SUIJI?DS2812B
            CODE    1231H     0042H     UNIT         ?PR?READ_DATA?MAIN
            CODE    1273H     003EH     UNIT         ?PR?_WRITE_DATA?MAIN
            CODE    12B1H     0039H     UNIT         ?PR?_DISPLAY_TYPE2?DS2812B
            CODE    12EAH     0032H     UNIT         ?PR?LED_CLOSE?MAIN
            CODE    131CH     0030H     UNIT         ?PR?MAIN?MAIN
            CODE    134CH     002AH     UNIT         ?PR?DISPLAY_ROW?DS2812B
            CODE    1376H     0021H     UNIT         ?PR?HIDVALUEHANDLE1?MAIN
            CODE    1397H     0021H     UNIT         ?PR?HIDVALUEHANDLE2?MAIN
            CODE    13B8H     0021H     UNIT         ?PR?INTERRUPTTIMER0?MAIN
            CODE    13D9H     0020H     UNIT         ?PR?ENP1INTIN?MAIN
            CODE    13F9H     0020H     UNIT         ?PR?ENP2INTIN?MAIN
            CODE    1419H     001AH     UNIT         ?PR?_MDELAYUS?DEBUG
            CODE    1433H     0017H     UNIT         ?PR?_MDELAYMS?DEBUG
            CODE    144AH     0017H     UNIT         ?PR?_CH554WDTMODESELECT?DEBUG



OVERLAY MAP OF MODULE:   .\Objects\test (MAIN)


SEGMENT                                 DATA_GROUP          PDATA_GROUP
  +--> CALLED SEGMENT                 START    LENGTH     START    LENGTH
-------------------------------------------------------------------------
?PR?DEVICEINTERRUPT?MAIN              0049H    0001H      -----    -----
  +--> ?CO?MAIN
  +--> ?PR?_WS2812DATA?DS2812B
BL51 BANKED LINKER/LOCATER V6.22.2.0                                                  08/28/2022  12:35:48  PAGE 3



*** NEW ROOT ***************************************************

?PR?INTERRUPTTIMER0?MAIN              -----    -----      -----    -----
  +--> ?PR?KEYSCAN?MAIN

?PR?KEYSCAN?MAIN                      -----    -----      -----    -----
  +--> ?PR?_WRITE_DATA?MAIN
  +--> ?PR?READ_DATA?MAIN

*** NEW ROOT ***************************************************

?PR?INTERRUPTTIMER1?DS2812B           -----    -----      -----    -----
  +--> ?PR?_DISPLAY_CHAR?DS2812B
  +--> ?CO?DS2812B
  +--> ?PR?_DISPLAY_TYPE2?DS2812B
  +--> ?PR?_DISPLAY_TYPE3?DS2812B

?PR?_DISPLAY_CHAR?DS2812B             -----    -----      004FH    0001H
  +--> ?CO?DS2812B
  +--> ?PR?_WS2812DATA?DS2812B

?PR?_DISPLAY_TYPE2?DS2812B            004AH    000AH      004FH    0001H
  +--> ?PR?_WS2812DATA?DS2812B

?PR?_DISPLAY_TYPE3?DS2812B            -----    -----      004FH    0001H
  +--> ?CO?DS2812B
  +--> ?PR?_WS2812DATA?DS2812B

*** NEW ROOT ***************************************************

?C_C51STARTUP                         -----    -----      -----    -----
  +--> ?PR?MAIN?MAIN
  +--> ?C_INITSEG

?PR?MAIN?MAIN                         -----    -----      -----    -----
  +--> ?PR?CFGFSYS?DEBUG
  +--> ?PR?_MDELAYMS?DEBUG
  +--> ?PR?_CONFIGT0?MAIN
  +--> ?PR?_CONFIGT1?DS2812B
  +--> ?PR?_CONFIGT2?MAIN
  +--> ?PR?USBDEVICEINIT?MAIN
  +--> ?PR?KEYDRIVE?MAIN

?PR?_MDELAYMS?DEBUG                   -----    -----      -----    -----
  +--> ?PR?_MDELAYUS?DEBUG

?PR?_CONFIGT0?MAIN                    0054H    0004H      -----    -----

?PR?_CONFIGT1?DS2812B                 0054H    0004H      -----    -----

?PR?_CONFIGT2?MAIN                    0054H    0004H      -----    -----

?PR?KEYDRIVE?MAIN                     -----    -----      -----    -----
  +--> ?PR?_KEYACTION?MAIN
  +--> ?PR?LED_CLOSE?MAIN

BL51 BANKED LINKER/LOCATER V6.22.2.0                                                  08/28/2022  12:35:48  PAGE 4


?PR?_KEYACTION?MAIN                   -----    -----      -----    -----
  +--> ?PR?READY_FUNCTION?MAIN

?PR?READY_FUNCTION?MAIN               -----    -----      -----    -----
  +--> ?PR?HIDVALUEHANDLE1?MAIN

?PR?HIDVALUEHANDLE1?MAIN              -----    -----      -----    -----
  +--> ?PR?ENP1INTIN?MAIN

?PR?LED_CLOSE?MAIN                    0054H    0002H      -----    -----
  +--> ?PR?_WS2812DATA?DS2812B



SYMBOL TABLE OF MODULE:  .\Objects\test (MAIN)

  VALUE           TYPE          NAME
  ----------------------------------

  -------         MODULE        MAIN
  C:0000H         SYMBOL        _ICE_DUMMY_
  X:0090H         PUBLIC        Double_TimeThr
  D:0021H         PUBLIC        HIDKey
  D:0090H         PUBLIC        P1
  D:00E2H         PUBLIC        USB_CTRL
  D:00B0H         PUBLIC        P3
  D:0029H         PUBLIC        UsbConfig
  B:00A8H.7       PUBLIC        EA
  X:0094H         PUBLIC        Key_Flag
  B:00B0H.4       PUBLIC        LED1
  B:0090H.5       PUBLIC        LED2
  C:13B8H         PUBLIC        InterruptTimer0
  B:0090H.4       PUBLIC        LED3
  B:0090H.1       PUBLIC        LED4
  B:0090H.7       PUBLIC        LED5
  B:00D8H.0       PUBLIC        UIF_BUS_RST
  B:00B0H.1       PUBLIC        LED6
  D:002AH         PUBLIC        Count
  D:00E8H         PUBLIC        IE_EX
  C:0C90H         PUBLIC        _KeyAction
  B:00B0H.2       PUBLIC        LED7
  B:00B0H.3       PUBLIC        LED8
  D:00A8H         PUBLIC        IE
  D:00DDH         PUBLIC        UEP0_T_LEN
  D:00E3H         PUBLIC        USB_DEV_AD
  D:00D3H         PUBLIC        UEP1_T_LEN
  D:00D5H         PUBLIC        UEP2_T_LEN
  C:0C55H         PUBLIC        CfgDesc
  D:00B8H         PUBLIC        IP
  C:1231H         PUBLIC        read_data
  D:002BH         PUBLIC        FLAG
  D:002CH         PUBLIC        T0RH
  D:002DH         PUBLIC        T2RH
  C:0C43H         PUBLIC        DevDesc
  D:002EH         PUBLIC        T0RL
  D:002FH         PUBLIC        T2RL
  D:00D8H         PUBLIC        USB_INT_FG
BL51 BANKED LINKER/LOCATER V6.22.2.0                                                  08/28/2022  12:35:48  PAGE 5


  C:131CH         PUBLIC        main
  C:0819H         PUBLIC        KeyDrive
  C:0046H         PUBLIC        DeviceInterrupt
  D:0030H         PUBLIC        LED_VALID
  B:00C8H.1       PUBLIC        C_T2
  C:1273H         PUBLIC        _write_data
  D:00E1H         PUBLIC        USB_INT_EN
  B:00C8H.5       PUBLIC        RCLK
  B:00D8H.1       PUBLIC        UIF_TRANSFER
  C:12EAH         PUBLIC        LED_Close
  D:0031H         PUBLIC        KeyState
  B:00C8H.4       PUBLIC        TCLK
  C:0FCCH         PUBLIC        KeyScan
  D:00DCH         PUBLIC        UEP0_CTRL
  D:00D2H         PUBLIC        UEP1_CTRL
  D:00D4H         PUBLIC        UEP2_CTRL
  D:0098H         PUBLIC        SCON
  D:0032H         PUBLIC        SetupLen
  D:0089H         PUBLIC        TMOD
  D:0088H         PUBLIC        TCON
  D:00DBH         PUBLIC        USB_RX_LEN
  C:13D9H         PUBLIC        Enp1IntIn
  D:00F8H         PUBLIC        SPI0_STAT
  C:13F9H         PUBLIC        Enp2IntIn
  B:0090H.6       PUBLIC        LED17
  D:0033H         PUBLIC        SetupReq
  D:00D9H         PUBLIC        USB_INT_ST
  X:0095H         PUBLIC        TimeThr
  C:0003H         PUBLIC        Ready_function
  X:0000H         PUBLIC        Ep0Buffer
  B:00C8H.0       PUBLIC        CP_RL2
  C:0BDAH         PUBLIC        KeyMULRepDesc
  X:000AH         PUBLIC        Ep1Buffer
  D:0034H         PUBLIC        EC16_A_PState
  X:0050H         PUBLIC        Ep2Buffer
  B:00A8H.1       PUBLIC        ET0
  D:0035H         PUBLIC        key
  B:0088H.5       PUBLIC        TF0
  B:0020H.0       PUBLIC        Ep2InKey
  B:00A8H.5       PUBLIC        ET2
  D:00D1H         PUBLIC        UDEV_CTRL
  B:00C8H.7       PUBLIC        TF2
  D:008CH         PUBLIC        TH0
  D:00ECH         PUBLIC        UEP0_DMA
  D:00CDH         PUBLIC        TH2
  D:00EEH         PUBLIC        UEP1_DMA
  D:00E4H         PUBLIC        UEP2_DMA
  D:008AH         PUBLIC        TL0
  D:00CCH         PUBLIC        TL2
  C:0B9CH         PUBLIC        KeyRepDesc
  C:10FDH         PUBLIC        USBDeviceInit
  B:0088H.4       PUBLIC        TR0
  X:0099H         PUBLIC        KeyDownTime
  B:0088H.6       PUBLIC        TR1
  C:1376H         PUBLIC        HIDValueHandle1
  B:00C8H.2       PUBLIC        TR2
  C:1397H         PUBLIC        HIDValueHandle2
BL51 BANKED LINKER/LOCATER V6.22.2.0                                                  08/28/2022  12:35:48  PAGE 6


  B:00E8H.2       PUBLIC        IE_USB
  D:0036H         PUBLIC        SetupReqBuf
  C:0DC3H         PUBLIC        _ConfigT0
  D:0080H         PUBLIC        ADC_CTRL
  C:0E4AH         PUBLIC        _ConfigT2
  D:003EH         PUBLIC        pDescr
  D:00C0H         PUBLIC        SCON1
  X:009DH         PUBLIC        Add_Flag
  X:009EH         PUBLIC        Key_DoubleFlag
  D:00C9H         PUBLIC        T2MOD
  D:00C8H         PUBLIC        T2CON
  C:0B96H         PUBLIC        key_code_map
  B:00D8H.2       PUBLIC        UIF_SUSPEND
  X:009FH         PUBLIC        Time_Flag
  D:0041H         PUBLIC        HIDKeyMUL
  D:00EBH         PUBLIC        UEP2_3_MOD
  D:00EAH         PUBLIC        UEP4_1_MOD
  D:0045H         PUBLIC        EC16_A_State
  D:0046H         PUBLIC        BackState
  D:0047H         PUBLIC        Ready
  C:114FH         PUBLIC        mTimer2Interrupt
  D:00D0H         PUBLIC        PSW
  D:0048H         PUBLIC        LED_AttitudeFlag
  -------         PROC          _WRITE_DATA
  D:0007H         SYMBOL        dat
  C:1273H         LINE#         52
  C:1273H         LINE#         53
  C:1273H         LINE#         54
  C:1277H         LINE#         55
  C:127DH         LINE#         56
  C:1285H         LINE#         57
  C:128EH         LINE#         58
  C:1295H         LINE#         59
  C:129DH         LINE#         60
  C:12A6H         LINE#         61
  C:12B0H         LINE#         62
  -------         ENDPROC       _WRITE_DATA
  -------         PROC          READ_DATA
  -------         DO            
  D:0007H         SYMBOL        dat
  -------         ENDDO         
  C:1231H         LINE#         65
  C:1231H         LINE#         66
  C:1231H         LINE#         67
  C:1233H         LINE#         68
  C:1239H         LINE#         69
  C:1241H         LINE#         70
  C:1249H         LINE#         71
  C:1251H         LINE#         72
  C:1259H         LINE#         73
  C:1261H         LINE#         74
  C:1269H         LINE#         75
  C:1272H         LINE#         77
  C:1272H         LINE#         78
  -------         ENDPROC       READ_DATA
  -------         PROC          USBDEVICEINIT
  C:10FDH         LINE#         223
BL51 BANKED LINKER/LOCATER V6.22.2.0                                                  08/28/2022  12:35:48  PAGE 7


  C:10FDH         LINE#         224
  C:10FDH         LINE#         225
  C:10FFH         LINE#         226
  C:1102H         LINE#         227
  C:110EH         LINE#         228
  C:111AH         LINE#         229
  C:1126H         LINE#         230
  C:1129H         LINE#         231
  C:1131H         LINE#         232
  C:1134H         LINE#         233
  C:1137H         LINE#         234
  C:113AH         LINE#         236
  C:113DH         LINE#         237
  C:1140H         LINE#         238
  C:1143H         LINE#         239
  C:1146H         LINE#         240
  C:1149H         LINE#         241
  C:114CH         LINE#         242
  C:114EH         LINE#         243
  -------         ENDPROC       USBDEVICEINIT
  -------         PROC          ENP1INTIN
  C:13D9H         LINE#         251
  C:13D9H         LINE#         252
  C:13D9H         LINE#         253
  C:13F2H         LINE#         254
  C:13F5H         LINE#         255
  C:13F8H         LINE#         256
  -------         ENDPROC       ENP1INTIN
  -------         PROC          ENP2INTIN
  C:13F9H         LINE#         264
  C:13F9H         LINE#         265
  C:13F9H         LINE#         266
  C:1412H         LINE#         267
  C:1415H         LINE#         268
  C:1418H         LINE#         269
  -------         ENDPROC       ENP2INTIN
  -------         PROC          DEVICEINTERRUPT
  -------         DO            
  D:0049H         SYMBOL        len
  -------         ENDDO         
  C:0046H         LINE#         275
  C:0053H         LINE#         278
  C:0059H         LINE#         279
  C:0059H         LINE#         280
  C:0077H         LINE#         281
  C:0077H         LINE#         282
  C:0077H         LINE#         283
  C:007AH         LINE#         285
  C:0082H         LINE#         286
  C:0082H         LINE#         287
  C:0084H         LINE#         288
  C:0084H         LINE#         289
  C:0087H         LINE#         291
  C:008FH         LINE#         292
  C:0092H         LINE#         293
  C:0095H         LINE#         294
  C:0095H         LINE#         295
BL51 BANKED LINKER/LOCATER V6.22.2.0                                                  08/28/2022  12:35:48  PAGE 8


  C:0098H         LINE#         296
  C:00A1H         LINE#         297
  C:00A1H         LINE#         298
  C:00A7H         LINE#         299
  C:00B6H         LINE#         300
  C:00B6H         LINE#         301
  C:00B9H         LINE#         302
  C:00B9H         LINE#         303
  C:00BCH         LINE#         304
  C:00C2H         LINE#         305
  C:00CAH         LINE#         306
  C:00CAH         LINE#         307
  C:00DFH         LINE#         308
  C:00DFH         LINE#         309
  C:00DFH         LINE#         310
  C:00DFH         LINE#         311
  C:00DFH         LINE#         312
  C:00DFH         LINE#         313
  C:00DFH         LINE#         314
  C:00DFH         LINE#         315
  C:00DFH         LINE#         316
  C:00DFH         LINE#         317
  C:00DFH         LINE#         318
  C:00DFH         LINE#         319
  C:00DFH         LINE#         320
  C:00DFH         LINE#         321
  C:00DFH         LINE#         322
  C:00DFH         LINE#         323
  C:00E2H         LINE#         324
  C:00E2H         LINE#         325
  C:00E2H         LINE#         327
  C:00E2H         LINE#         328
  C:0114H         LINE#         329
  C:0114H         LINE#         330
  C:0114H         LINE#         331
  C:0124H         LINE#         332
  C:0124H         LINE#         333
  C:0124H         LINE#         334
  C:012DH         LINE#         335
  C:0130H         LINE#         336
  C:0132H         LINE#         337
  C:0132H         LINE#         338
  C:013BH         LINE#         339
  C:013EH         LINE#         340
  C:0140H         LINE#         341
  C:0140H         LINE#         342
  C:0149H         LINE#         343
  C:0149H         LINE#         344
  C:0152H         LINE#         345
  C:0155H         LINE#         346
  C:0155H         LINE#         347
  C:015BH         LINE#         348
  C:015BH         LINE#         349
  C:0164H         LINE#         350
  C:0167H         LINE#         351
  C:016AH         LINE#         354
  C:016CH         LINE#         360
BL51 BANKED LINKER/LOCATER V6.22.2.0                                                  08/28/2022  12:35:48  PAGE 9


  C:016CH         LINE#         361
  C:016FH         LINE#         362
  C:016FH         LINE#         363
  C:016FH         LINE#         364
  C:0176H         LINE#         365
  C:0176H         LINE#         366
  C:0179H         LINE#         367
  C:0179H         LINE#         368
  C:018CH         LINE#         369
  C:01A3H         LINE#         370
  C:01AAH         LINE#         371
  C:01B5H         LINE#         372
  C:01B8H         LINE#         373
  C:01B8H         LINE#         374
  C:01BEH         LINE#         375
  C:01C1H         LINE#         376
  C:01C1H         LINE#         377
  C:01C7H         LINE#         378
  C:01D5H         LINE#         379
  C:01D5H         LINE#         380
  C:01D8H         LINE#         381
  C:01D8H         LINE#         382
  C:01DBH         LINE#         383
  C:01DBH         LINE#         384
  C:01E1H         LINE#         385
  C:01E4H         LINE#         386
  C:01E4H         LINE#         387
  C:01E4H         LINE#         388
  C:01E4H         LINE#         389
  C:01EEH         LINE#         390
  C:01EEH         LINE#         391
  C:01FCH         LINE#         392
  C:01FCH         LINE#         393
  C:01FCH         LINE#         394
  C:0204H         LINE#         395
  C:0207H         LINE#         396
  C:0207H         LINE#         397
  C:020FH         LINE#         398
  C:0212H         LINE#         399
  C:0212H         LINE#         400
  C:0215H         LINE#         401
  C:0218H         LINE#         402
  C:0218H         LINE#         403
  C:0218H         LINE#         404
  C:021BH         LINE#         405
  C:021BH         LINE#         406
  C:021BH         LINE#         408
  C:021BH         LINE#         409
  C:021BH         LINE#         410
  C:021BH         LINE#         411
  C:021EH         LINE#         412
  C:021EH         LINE#         413
  C:0229H         LINE#         414
  C:0229H         LINE#         415
  C:0239H         LINE#         416
  C:0239H         LINE#         417
  C:0240H         LINE#         418
BL51 BANKED LINKER/LOCATER V6.22.2.0                                                  08/28/2022  12:35:48  PAGE 10


  C:0240H         LINE#         420
  C:0240H         LINE#         422
  C:0240H         LINE#         423
  C:0240H         LINE#         424
  C:0240H         LINE#         425
  C:0242H         LINE#         427
  C:0242H         LINE#         428
  C:0242H         LINE#         429
  C:0242H         LINE#         430
  C:0244H         LINE#         431
  C:024AH         LINE#         432
  C:024AH         LINE#         433
  C:0258H         LINE#         434
  C:0258H         LINE#         435
  C:0273H         LINE#         436
  C:0273H         LINE#         437
  C:0273H         LINE#         438
  C:027BH         LINE#         439
  C:027DH         LINE#         440
  C:027DH         LINE#         441
  C:0285H         LINE#         442
  C:0287H         LINE#         443
  C:0287H         LINE#         444
  C:028FH         LINE#         445
  C:0291H         LINE#         446
  C:0291H         LINE#         447
  C:0291H         LINE#         448
  C:0293H         LINE#         449
  C:0293H         LINE#         450
  C:0293H         LINE#         452
  C:0293H         LINE#         453
  C:0293H         LINE#         454
  C:0293H         LINE#         455
  C:0295H         LINE#         457
  C:0295H         LINE#         458
  C:0295H         LINE#         459
  C:0295H         LINE#         460
  C:0297H         LINE#         461
  C:0297H         LINE#         462
  C:029CH         LINE#         463
  C:029EH         LINE#         464
  C:02A9H         LINE#         465
  C:02A9H         LINE#         466
  C:02ACH         LINE#         467
  C:02AEH         LINE#         469
  C:02AEH         LINE#         470
  C:02B1H         LINE#         471
  C:02B1H         LINE#         472
  C:02B3H         LINE#         473
  C:02B3H         LINE#         474
  C:02B3H         LINE#         475
  C:02B5H         LINE#         476
  C:02B5H         LINE#         477
  C:02B5H         LINE#         478
  C:02B5H         LINE#         480
  C:02B5H         LINE#         481
  C:02B8H         LINE#         482
BL51 BANKED LINKER/LOCATER V6.22.2.0                                                  08/28/2022  12:35:48  PAGE 11


  C:02B8H         LINE#         483
  C:02C0H         LINE#         484
  C:02C0H         LINE#         485
  C:02C3H         LINE#         486
  C:02C6H         LINE#         487
  C:02C9H         LINE#         488
  C:02D4H         LINE#         489
  C:02D4H         LINE#         490
  C:02D7H         LINE#         491
  C:02D7H         LINE#         492
  C:02D9H         LINE#         494
  C:02D9H         LINE#         495
  C:02DCH         LINE#         496
  C:02DFH         LINE#         497
  C:02DFH         LINE#         498
  C:02E2H         LINE#         499
  C:02E2H         LINE#         500
  C:02EBH         LINE#         501
  C:02EBH         LINE#         502
  C:02EBH         LINE#         503
  C:02FEH         LINE#         504
  C:0315H         LINE#         505
  C:031CH         LINE#         506
  C:0327H         LINE#         507
  C:032AH         LINE#         508
  C:032DH         LINE#         509
  C:032FH         LINE#         510
  C:032FH         LINE#         511
  C:0337H         LINE#         512
  C:0337H         LINE#         513
  C:0339H         LINE#         514
  C:0339H         LINE#         515
  C:033CH         LINE#         516
  C:033FH         LINE#         517
  C:0341H         LINE#         518
  C:0341H         LINE#         519
  C:0341H         LINE#         520
  C:0341H         LINE#         521
  C:0344H         LINE#         522
  C:0350H         LINE#         523
  C:0350H         LINE#         524
  C:0356H         LINE#         532
  C:035AH         LINE#         533
  C:035AH         LINE#         534
  C:035FH         LINE#         535
  C:0364H         LINE#         536
  C:0369H         LINE#         537
  C:036BH         LINE#         539
  C:036BH         LINE#         540
  C:0370H         LINE#         541
  C:0375H         LINE#         542
  C:037AH         LINE#         543
  C:037AH         LINE#         544
  C:037AH         LINE#         545
  C:037AH         LINE#         546
  C:037AH         LINE#         547
  C:037DH         LINE#         548
BL51 BANKED LINKER/LOCATER V6.22.2.0                                                  08/28/2022  12:35:48  PAGE 12


  C:0380H         LINE#         549
  C:0380H         LINE#         550
  C:0380H         LINE#         551
  C:0380H         LINE#         552
  C:0380H         LINE#         553
  C:0382H         LINE#         554
  C:0382H         LINE#         555
  C:0385H         LINE#         556
  C:0385H         LINE#         557
  C:0388H         LINE#         558
  C:038BH         LINE#         559
  C:038EH         LINE#         560
  C:0391H         LINE#         561
  C:0393H         LINE#         562
  C:0395H         LINE#         563
  C:0397H         LINE#         564
  C:0397H         LINE#         565
  C:039AH         LINE#         566
  C:039AH         LINE#         567
  C:039CH         LINE#         568
  C:039EH         LINE#         569
  C:039EH         LINE#         570
  C:03A1H         LINE#         571
  C:03A1H         LINE#         572
  -------         ENDPROC       DEVICEINTERRUPT
  -------         PROC          HIDVALUEHANDLE1
  C:1376H         LINE#         574
  C:1376H         LINE#         575
  C:1376H         LINE#         577
  C:1379H         LINE#         578
  C:137CH         LINE#         579
  C:1380H         LINE#         580
  C:1383H         LINE#         581
  C:138FH         LINE#         582
  C:1392H         LINE#         583
  C:1396H         LINE#         585
  -------         ENDPROC       HIDVALUEHANDLE1
  -------         PROC          HIDVALUEHANDLE2
  C:1397H         LINE#         587
  C:1397H         LINE#         588
  C:1397H         LINE#         590
  C:139AH         LINE#         591
  C:139DH         LINE#         592
  C:13A1H         LINE#         593
  C:13A4H         LINE#         594
  C:13B0H         LINE#         595
  C:13B3H         LINE#         596
  C:13B7H         LINE#         598
  -------         ENDPROC       HIDVALUEHANDLE2
  -------         PROC          READY_FUNCTION
  C:0003H         LINE#         612
  C:0003H         LINE#         613
  C:0003H         LINE#         614
  C:0007H         LINE#         615
  C:0007H         LINE#         616
  C:000AH         LINE#         617
  C:000AH         LINE#         618
BL51 BANKED LINKER/LOCATER V6.22.2.0                                                  08/28/2022  12:35:48  PAGE 13


  -------         ENDPROC       READY_FUNCTION
  -------         PROC          LED_CLOSE
  -------         DO            
  D:0054H         SYMBOL        j
  -------         ENDDO         
  C:12EAH         LINE#         643
  C:12EAH         LINE#         644
  C:12EAH         LINE#         646
  C:12EFH         LINE#         647
  C:12EFH         LINE#         648
  C:12F5H         LINE#         649
  C:12F5H         LINE#         650
  C:12F7H         LINE#         651
  C:12F7H         LINE#         652
  C:12F7H         LINE#         653
  C:12F9H         LINE#         655
  C:12F9H         LINE#         656
  C:12FEH         LINE#         657
  C:1303H         LINE#         658
  C:1308H         LINE#         659
  C:1308H         LINE#         660
  C:131BH         LINE#         661
  -------         ENDPROC       LED_CLOSE
  -------         PROC          _KEYACTION
  D:0007H         SYMBOL        keyCode
  C:0C90H         LINE#         669
  C:0C90H         LINE#         670
  C:0C90H         LINE#         671
  C:0CCBH         LINE#         672
  C:0CCBH         LINE#         673
  C:0CCBH         LINE#         674
  C:0CCBH         LINE#         675
  C:0CCEH         LINE#         676
  C:0CCEH         LINE#         677
  C:0CD0H         LINE#         679
  C:0CD5H         LINE#         680
  C:0CDAH         LINE#         681
  C:0CDFH         LINE#         683
  C:0CE4H         LINE#         684
  C:0CE9H         LINE#         685
  C:0CEEH         LINE#         686
  C:0CF3H         LINE#         688
  C:0CF8H         LINE#         690
  C:0CF8H         LINE#         691
  C:0CF8H         LINE#         692
  C:0CFBH         LINE#         693
  C:0CFEH         LINE#         694
  C:0D02H         LINE#         695
  C:0D02H         LINE#         696
  C:0D07H         LINE#         697
  C:0D07H         LINE#         698
  C:0D09H         LINE#         699
  C:0D0CH         LINE#         700
  C:0D0EH         LINE#         701
  C:0D11H         LINE#         702
  C:0D11H         LINE#         703
  C:0D11H         LINE#         704
BL51 BANKED LINKER/LOCATER V6.22.2.0                                                  08/28/2022  12:35:48  PAGE 14


  C:0D12H         LINE#         706
  C:0D17H         LINE#         707
  C:0D1CH         LINE#         709
  C:0D21H         LINE#         710
  C:0D26H         LINE#         711
  C:0D2BH         LINE#         712
  C:0D30H         LINE#         714
  C:0D36H         LINE#         715
  C:0D36H         LINE#         716
  C:0D36H         LINE#         717
  -------         ENDPROC       _KEYACTION
  -------         PROC          KEYDRIVE
  C:0819H         LINE#         779
  C:0819H         LINE#         780
  C:0819H         LINE#         781
  C:081FH         LINE#         782
  C:081FH         LINE#         783
  C:0823H         LINE#         784
  C:0823H         LINE#         785
  C:0828H         LINE#         786
  C:0828H         LINE#         787
  C:082BH         LINE#         788
  C:082BH         LINE#         789
  C:0844H         LINE#         790
  C:0844H         LINE#         791
  C:0866H         LINE#         792
  C:0866H         LINE#         793
  C:086BH         LINE#         794
  C:0888H         LINE#         795
  C:0888H         LINE#         796
  C:0888H         LINE#         798
  C:0888H         LINE#         799
  C:0891H         LINE#         800
  C:089BH         LINE#         801
  C:089BH         LINE#         802
  C:089CH         LINE#         803
  C:08A4H         LINE#         804
  C:08A4H         LINE#         805
  C:08A6H         LINE#         806
  C:08AFH         LINE#         807
  C:08B0H         LINE#         808
  C:08B9H         LINE#         809
  C:08B9H         LINE#         810
  C:08E0H         LINE#         811
  C:08E0H         LINE#         812
  C:08E2H         LINE#         813
  C:08E4H         LINE#         814
  C:08EFH         LINE#         815
  C:08F2H         LINE#         816
  C:0901H         LINE#         817
  C:0901H         LINE#         818
  C:0901H         LINE#         819
  C:0901H         LINE#         820
  C:0906H         LINE#         821
  C:0908H         LINE#         822
  C:090AH         LINE#         823
  C:090CH         LINE#         824
BL51 BANKED LINKER/LOCATER V6.22.2.0                                                  08/28/2022  12:35:48  PAGE 15


  C:090DH         LINE#         825
  C:090DH         LINE#         826
  C:090DH         LINE#         827
  C:090FH         LINE#         828
  C:0914H         LINE#         829
  C:0916H         LINE#         830
  C:0918H         LINE#         831
  C:091BH         LINE#         832
  C:091DH         LINE#         833
  C:091EH         LINE#         834
  C:091EH         LINE#         835
  C:091EH         LINE#         836
  C:0920H         LINE#         837
  C:0925H         LINE#         838
  C:0927H         LINE#         839
  C:0929H         LINE#         840
  C:092CH         LINE#         841
  C:092EH         LINE#         842
  C:092FH         LINE#         843
  C:092FH         LINE#         844
  C:092FH         LINE#         845
  C:0931H         LINE#         846
  C:0934H         LINE#         847
  C:0937H         LINE#         848
  C:0939H         LINE#         849
  C:093AH         LINE#         850
  C:093AH         LINE#         851
  C:093AH         LINE#         852
  C:093AH         LINE#         853
  C:093AH         LINE#         854
  C:093AH         LINE#         855
  C:0941H         LINE#         856
  C:0941H         LINE#         857
  C:095BH         LINE#         858
  C:095BH         LINE#         859
  C:095FH         LINE#         864
  C:0961H         LINE#         865
  C:096AH         LINE#         866
  C:096CH         LINE#         867
  C:096CH         LINE#         868
  C:096CH         LINE#         869
  C:096CH         LINE#         870
  -------         ENDPROC       KEYDRIVE
  -------         PROC          _CONFIGT0
  D:0003H         SYMBOL        ms
  -------         DO            
  D:0054H         SYMBOL        tmp
  -------         ENDDO         
  C:0DC3H         LINE#         902
  C:0DC3H         LINE#         903
  C:0DC3H         LINE#         904
  C:0DCCH         LINE#         906
  C:0DD7H         LINE#         907
  C:0DF9H         LINE#         908
  C:0E0FH         LINE#         909
  C:0E24H         LINE#         910
  C:0E32H         LINE#         911
BL51 BANKED LINKER/LOCATER V6.22.2.0                                                  08/28/2022  12:35:48  PAGE 16


  C:0E35H         LINE#         913
  C:0E3DH         LINE#         915
  C:0E40H         LINE#         916
  C:0E43H         LINE#         917
  C:0E45H         LINE#         918
  C:0E47H         LINE#         919
  C:0E49H         LINE#         920
  -------         ENDPROC       _CONFIGT0
  -------         PROC          _CONFIGT2
  D:0003H         SYMBOL        ms
  -------         DO            
  D:0054H         SYMBOL        tmp
  -------         ENDDO         
  C:0E4AH         LINE#         926
  C:0E4AH         LINE#         927
  C:0E4AH         LINE#         928
  C:0E53H         LINE#         930
  C:0E5EH         LINE#         931
  C:0E80H         LINE#         932
  C:0E96H         LINE#         933
  C:0EABH         LINE#         934
  C:0EB9H         LINE#         935
  C:0EBCH         LINE#         938
  C:0EBFH         LINE#         939
  C:0EC1H         LINE#         940
  C:0EC3H         LINE#         941
  C:0EC5H         LINE#         942
  C:0EC7H         LINE#         943
  C:0ECAH         LINE#         944
  C:0ECDH         LINE#         945
  C:0ECFH         LINE#         947
  -------         ENDPROC       _CONFIGT2
  -------         PROC          MTIMER2INTERRUPT
  C:114FH         LINE#         950
  C:115CH         LINE#         952
  C:115EH         LINE#         953
  C:1161H         LINE#         954
  C:1161H         LINE#         955
  C:1163H         LINE#         956
  C:116AH         LINE#         957
  C:116AH         LINE#         958
  C:1185H         LINE#         959
  C:1187H         LINE#         961
  C:1187H         LINE#         962
  C:118EH         LINE#         963
  C:118EH         LINE#         964
  C:118EH         LINE#         965
  C:1190H         LINE#         966
  -------         ENDPROC       MTIMER2INTERRUPT
  -------         PROC          MAIN
  C:131CH         LINE#         970
  C:131CH         LINE#         971
  C:131CH         LINE#         972
  C:131FH         LINE#         973
  C:1326H         LINE#         974
  C:132BH         LINE#         975
  C:1330H         LINE#         976
BL51 BANKED LINKER/LOCATER V6.22.2.0                                                  08/28/2022  12:35:48  PAGE 17


  C:1335H         LINE#         977
  C:1337H         LINE#         978
  C:1339H         LINE#         979
  C:133CH         LINE#         980
  C:133EH         LINE#         981
  C:1341H         LINE#         982
  C:1343H         LINE#         983
  C:1345H         LINE#         984
  C:1347H         LINE#         987
  C:1347H         LINE#         988
  C:1347H         LINE#         989
  C:134AH         LINE#         991
  -------         ENDPROC       MAIN
  -------         PROC          KEYSCAN
  -------         DO            
  D:0006H         SYMBOL        temp
  -------         ENDDO         
  C:0FCCH         LINE#         996
  C:0FCCH         LINE#         997
  C:0FCCH         LINE#         999
  C:0FD1H         LINE#         1001
  C:0FDCH         LINE#         1002
  C:0FDCH         LINE#         1003
  C:0FE7H         LINE#         1004
  C:0FE7H         LINE#         1005
  C:0FEAH         LINE#         1006
  C:0FF2H         LINE#         1007
  C:0FF2H         LINE#         1008
  C:0FF8H         LINE#         1009
  C:0FFDH         LINE#         1010
  C:1004H         LINE#         1011
  C:1004H         LINE#         1012
  C:1007H         LINE#         1013
  C:1007H         LINE#         1014
  C:100AH         LINE#         1015
  C:100AH         LINE#         1016
  C:1027H         LINE#         1017
  C:1027H         LINE#         1018
  C:1027H         LINE#         1020
  C:1027H         LINE#         1021
  C:102AH         LINE#         1022
  C:102DH         LINE#         1023
  C:1036H         LINE#         1024
  C:1036H         LINE#         1025
  -------         ENDPROC       KEYSCAN
  -------         PROC          INTERRUPTTIMER0
  C:13B8H         LINE#         1027
  C:13C5H         LINE#         1029
  C:13C8H         LINE#         1030
  C:13CBH         LINE#         1032
  C:13CEH         LINE#         1033
  -------         ENDPROC       INTERRUPTTIMER0
  -------         ENDMOD        MAIN

  -------         MODULE        DEBUG
  C:0000H         SYMBOL        _ICE_DUMMY_
  D:0090H         PUBLIC        P1
BL51 BANKED LINKER/LOCATER V6.22.2.0                                                  08/28/2022  12:35:48  PAGE 18


  D:00B0H         PUBLIC        P3
  C:144AH         PUBLIC        _CH554WDTModeSelect
  C:0F53H         PUBLIC        mInitSTDIO
  D:00E8H         PUBLIC        IE_EX
  D:00A8H         PUBLIC        IE
  C:0026H         PUBLIC        _CH554WDTFeed
  C:0016H         PUBLIC        CH554UART0Alter
  D:00B8H         PUBLIC        IP
  B:0098H.0       PUBLIC        RI
  B:0098H.1       PUBLIC        TI
  D:00FFH         PUBLIC        WDOG_COUNT
  D:00B9H         PUBLIC        CLOCK_CFG
  C:1433H         PUBLIC        _mDelaymS
  D:00D8H         PUBLIC        USB_INT_FG
  C:1419H         PUBLIC        _mDelayuS
  B:00C8H.5       PUBLIC        RCLK
  B:00C8H.4       PUBLIC        TCLK
  D:0099H         PUBLIC        SBUF
  D:0087H         PUBLIC        PCON
  D:0098H         PUBLIC        SCON
  D:0089H         PUBLIC        TMOD
  D:0088H         PUBLIC        TCON
  C:002EH         PUBLIC        CfgFsys
  D:00F8H         PUBLIC        SPI0_STAT
  C:001EH         PUBLIC        _CH554UART0SendByte
  D:008DH         PUBLIC        TH1
  B:0098H.7       PUBLIC        SM0
  B:0098H.6       PUBLIC        SM1
  B:0098H.5       PUBLIC        SM2
  B:0088H.6       PUBLIC        TR1
  C:000EH         PUBLIC        CH554UART0RcvByte
  D:0080H         PUBLIC        ADC_CTRL
  D:00A1H         PUBLIC        SAFE_MOD
  D:00B1H         PUBLIC        GLOBAL_CFG
  D:00C0H         PUBLIC        SCON1
  B:0098H.4       PUBLIC        REN
  D:00C9H         PUBLIC        T2MOD
  D:00C8H         PUBLIC        T2CON
  D:00C6H         PUBLIC        PIN_FUNC
  D:00D0H         PUBLIC        PSW
  -------         PROC          CFGFSYS
  C:002EH         LINE#         25
  C:002EH         LINE#         26
  C:002EH         LINE#         37
  C:0031H         LINE#         38
  C:0034H         LINE#         40
  C:003CH         LINE#         60
  C:003FH         LINE#         61
  -------         ENDPROC       CFGFSYS
  -------         PROC          _MDELAYUS
  D:0006H         SYMBOL        n
  C:1419H         LINE#         70
  C:1419H         LINE#         71
  C:1419H         LINE#         83
  C:141DH         LINE#         84
  C:141FH         LINE#         87
  C:1421H         LINE#         90
BL51 BANKED LINKER/LOCATER V6.22.2.0                                                  08/28/2022  12:35:48  PAGE 19


  C:1423H         LINE#         93
  C:1425H         LINE#         96
  C:1427H         LINE#         99
  C:1429H         LINE#         102
  C:142BH         LINE#         105
  C:1430H         LINE#         106
  C:1432H         LINE#         107
  -------         ENDPROC       _MDELAYUS
  -------         PROC          _MDELAYMS
  D:0004H         SYMBOL        n
  C:1433H         LINE#         116
  C:1437H         LINE#         117
  C:1437H         LINE#         118
  C:143BH         LINE#         123
  C:1442H         LINE#         125
  C:1447H         LINE#         126
  C:1449H         LINE#         127
  -------         ENDPROC       _MDELAYMS
  -------         PROC          CH554UART0ALTER
  C:0016H         LINE#         136
  C:0016H         LINE#         137
  C:0016H         LINE#         138
  C:0019H         LINE#         139
  -------         ENDPROC       CH554UART0ALTER
  -------         PROC          MINITSTDIO
  -------         DO            
  D:005EH         SYMBOL        x
  D:0062H         SYMBOL        x2
  -------         ENDDO         
  C:0F53H         LINE#         149
  C:0F53H         LINE#         150
  C:0F53H         LINE#         154
  C:0F55H         LINE#         155
  C:0F57H         LINE#         156
  C:0F59H         LINE#         158
  C:0F5BH         LINE#         159
  C:0F5DH         LINE#         160
  C:0F60H         LINE#         161
  C:0F6BH         LINE#         162
  C:0F7FH         LINE#         163
  C:0F98H         LINE#         164
  C:0FB4H         LINE#         166
  C:0FBCH         LINE#         167
  C:0FBFH         LINE#         168
  C:0FC5H         LINE#         169
  C:0FC7H         LINE#         170
  C:0FC9H         LINE#         171
  C:0FCBH         LINE#         172
  -------         ENDPROC       MINITSTDIO
  -------         PROC          CH554UART0RCVBYTE
  C:000EH         LINE#         181
  C:000EH         LINE#         182
  C:000EH         LINE#         183
  C:0011H         LINE#         184
  C:0013H         LINE#         185
  C:0015H         LINE#         186
  -------         ENDPROC       CH554UART0RCVBYTE
BL51 BANKED LINKER/LOCATER V6.22.2.0                                                  08/28/2022  12:35:48  PAGE 20


  -------         PROC          _CH554UART0SENDBYTE
  D:0007H         SYMBOL        SendDat
  C:001EH         LINE#         195
  C:001EH         LINE#         196
  C:001EH         LINE#         197
  C:0020H         LINE#         198
  C:0023H         LINE#         199
  C:0025H         LINE#         200
  -------         ENDPROC       _CH554UART0SENDBYTE
  -------         PROC          _CH554WDTMODESELECT
  D:0007H         SYMBOL        mode
  C:144AH         LINE#         211
  C:144AH         LINE#         212
  C:144AH         LINE#         213
  C:144DH         LINE#         214
  C:1450H         LINE#         215
  C:1453H         LINE#         216
  C:1456H         LINE#         217
  C:1458H         LINE#         218
  C:145BH         LINE#         219
  C:145EH         LINE#         220
  C:1460H         LINE#         221
  -------         ENDPROC       _CH554WDTMODESELECT
  -------         PROC          _CH554WDTFEED
  D:0007H         SYMBOL        tim
  C:0026H         LINE#         232
  C:0026H         LINE#         233
  C:0026H         LINE#         234
  C:0028H         LINE#         235
  -------         ENDPROC       _CH554WDTFEED
  -------         ENDMOD        DEBUG

  -------         MODULE        DS2812B
  C:0000H         SYMBOL        _ICE_DUMMY_
  D:0090H         PUBLIC        P1
  C:11E7H         PUBLIC        _display_suiji
  D:00B0H         PUBLIC        P3
  C:0A8AH         PUBLIC        InterruptTimer1
  D:00E8H         PUBLIC        IE_EX
  D:00A8H         PUBLIC        IE
  C:0A49H         PUBLIC        B_w
  D:00B8H         PUBLIC        IP
  D:0058H         PUBLIC        WS2812B_DisplayType
  C:0A08H         PUBLIC        G_w
  D:0059H         PUBLIC        T1RH
  X:004CH         PUBLIC        SEED
  D:005AH         PUBLIC        T1RL
  D:00D8H         PUBLIC        USB_INT_FG
  C:09C7H         PUBLIC        R_w
  C:12B1H         PUBLIC        _display_Type2
  C:119BH         PUBLIC        _display_Type3
  D:0098H         PUBLIC        SCON
  X:004DH         PUBLIC        Opposite_Flag
  C:134CH         PUBLIC        display_row
  D:0089H         PUBLIC        TMOD
  D:0088H         PUBLIC        TCON
  D:00F8H         PUBLIC        SPI0_STAT
BL51 BANKED LINKER/LOCATER V6.22.2.0                                                  08/28/2022  12:35:48  PAGE 21


  B:00A8H.3       PUBLIC        ET1
  B:0088H.7       PUBLIC        TF1
  D:008DH         PUBLIC        TH1
  D:008BH         PUBLIC        TL1
  B:00B0H.0       PUBLIC        RGB
  C:096DH         PUBLIC        HUXICODE
  D:005BH         PUBLIC        count_num
  C:0ED0H         PUBLIC        _ConfigT1
  D:0080H         PUBLIC        ADC_CTRL
  D:00C0H         PUBLIC        SCON1
  D:00C8H         PUBLIC        T2CON
  D:005CH         PUBLIC        i
  C:0691H         PUBLIC        _WS2812Data
  X:004EH         PUBLIC        display_flag
  D:00D0H         PUBLIC        PSW
  C:109AH         PUBLIC        _display_char
  C:0687H         SYMBOL        L?0067
  -------         PROC          L?0066
  -------         ENDPROC       L?0066
  C:0687H         SYMBOL        L?0067
  -------         PROC          _WS2812DATA
  D:0007H         SYMBOL        value
  C:0691H         LINE#         42
  C:0691H         LINE#         43
  C:0691H         LINE#         44
  C:0695H         LINE#         45
  C:0695H         LINE#         46
  C:06AAH         LINE#         47
  C:06ACH         LINE#         49
  C:06ACH         LINE#         50
  C:06C2H         LINE#         51
  C:06C2H         LINE#         52
  C:06C6H         LINE#         53
  C:06C6H         LINE#         54
  C:06DBH         LINE#         55
  C:06DDH         LINE#         57
  C:06DDH         LINE#         58
  C:06F3H         LINE#         59
  C:06F3H         LINE#         60
  C:06F7H         LINE#         61
  C:06F7H         LINE#         62
  C:070CH         LINE#         63
  C:070EH         LINE#         65
  C:070EH         LINE#         66
  C:0724H         LINE#         67
  C:0724H         LINE#         68
  C:0728H         LINE#         69
  C:0728H         LINE#         70
  C:073DH         LINE#         71
  C:073FH         LINE#         73
  C:073FH         LINE#         74
  C:0755H         LINE#         75
  C:0755H         LINE#         76
  C:0759H         LINE#         77
  C:0759H         LINE#         78
  C:076EH         LINE#         79
  C:0770H         LINE#         81
BL51 BANKED LINKER/LOCATER V6.22.2.0                                                  08/28/2022  12:35:48  PAGE 22


  C:0770H         LINE#         82
  C:0786H         LINE#         83
  C:0786H         LINE#         84
  C:078AH         LINE#         85
  C:078AH         LINE#         86
  C:079FH         LINE#         87
  C:07A1H         LINE#         89
  C:07A1H         LINE#         90
  C:07B7H         LINE#         91
  C:07B7H         LINE#         92
  C:07BBH         LINE#         93
  C:07BBH         LINE#         94
  C:07D0H         LINE#         95
  C:07D2H         LINE#         97
  C:07D2H         LINE#         98
  C:07E8H         LINE#         99
  C:07E8H         LINE#         100
  C:07ECH         LINE#         101
  C:07ECH         LINE#         102
  C:0801H         LINE#         103
  C:0802H         LINE#         105
  C:0802H         LINE#         106
  C:0818H         LINE#         107
  C:0818H         LINE#         108
  -------         ENDPROC       _WS2812DATA
  -------         PROC          _DISPLAY_SUIJI
  D:0006H         SYMBOL        num
  -------         DO            
  X:00A3H         SYMBOL        i
  -------         DO            
  X:00A0H         SYMBOL        green
  X:00A1H         SYMBOL        red
  X:00A2H         SYMBOL        blue
  -------         ENDDO         
  -------         ENDDO         
  C:11E7H         LINE#         111
  C:11E9H         LINE#         112
  C:11E9H         LINE#         113
  C:11EDH         LINE#         114
  C:11F5H         LINE#         115
  C:11F5H         LINE#         117
  C:1200H         LINE#         118
  C:1203H         LINE#         119
  C:120CH         LINE#         120
  C:121AH         LINE#         121
  C:121DH         LINE#         122
  C:1224H         LINE#         123
  C:122AH         LINE#         124
  C:1230H         LINE#         125
  -------         ENDPROC       _DISPLAY_SUIJI
  -------         PROC          _DISPLAY_CHAR
  D:0006H         SYMBOL        num
  -------         DO            
  X:004FH         SYMBOL        j
  -------         ENDDO         
  C:109AH         LINE#         128
  C:109CH         LINE#         129
BL51 BANKED LINKER/LOCATER V6.22.2.0                                                  08/28/2022  12:35:48  PAGE 23


  C:109CH         LINE#         131
  C:10ACH         LINE#         132
  C:10ACH         LINE#         133
  C:10C0H         LINE#         134
  C:10D4H         LINE#         135
  C:10E8H         LINE#         136
  C:10E9H         LINE#         137
  C:10F3H         LINE#         138
  C:10F5H         LINE#         139
  C:10FCH         LINE#         140
  -------         ENDPROC       _DISPLAY_CHAR
  -------         PROC          _DISPLAY_TYPE2
  D:004AH         SYMBOL        R_w
  D:004DH         SYMBOL        G_w
  D:0050H         SYMBOL        B_w
  D:0053H         SYMBOL        num
  -------         DO            
  X:004FH         SYMBOL        j
  -------         ENDDO         
  C:12B1H         LINE#         145
  C:12B7H         LINE#         146
  C:12B7H         LINE#         158
  C:12C7H         LINE#         159
  C:12C7H         LINE#         161
  C:12D0H         LINE#         162
  C:12D9H         LINE#         163
  C:12E2H         LINE#         168
  C:12E9H         LINE#         169
  -------         ENDPROC       _DISPLAY_TYPE2
  -------         PROC          _DISPLAY_TYPE3
  D:0006H         SYMBOL        num
  -------         DO            
  X:004FH         SYMBOL        j
  -------         ENDDO         
  C:119BH         LINE#         171
  C:119DH         LINE#         172
  C:119DH         LINE#         175
  C:11B7H         LINE#         176
  C:11B7H         LINE#         177
  C:11C2H         LINE#         178
  C:11C4H         LINE#         179
  C:11CDH         LINE#         180
  C:11D8H         LINE#         181
  C:11E1H         LINE#         182
  C:11E6H         LINE#         183
  -------         ENDPROC       _DISPLAY_TYPE3
  -------         PROC          _CONFIGT1
  D:0003H         SYMBOL        ms
  -------         DO            
  D:0054H         SYMBOL        tmp
  -------         ENDDO         
  C:0ED0H         LINE#         186
  C:0ED0H         LINE#         187
  C:0ED0H         LINE#         188
  C:0ED9H         LINE#         190
  C:0EE4H         LINE#         191
  C:0F04H         LINE#         192
BL51 BANKED LINKER/LOCATER V6.22.2.0                                                  08/28/2022  12:35:48  PAGE 24


  C:0F1AH         LINE#         193
  C:0F2FH         LINE#         194
  C:0F3DH         LINE#         195
  C:0F40H         LINE#         197
  C:0F48H         LINE#         199
  C:0F4BH         LINE#         200
  C:0F4EH         LINE#         201
  C:0F50H         LINE#         202
  C:0F52H         LINE#         204
  -------         ENDPROC       _CONFIGT1
  -------         PROC          DISPLAY_ROW
  -------         DO            
  D:0004H         SYMBOL        i
  D:0002H         SYMBOL        j
  -------         ENDDO         
  C:134CH         LINE#         209
  C:134CH         LINE#         210
  C:134CH         LINE#         211
  C:134DH         LINE#         212
  C:134FH         LINE#         213
  C:134FH         LINE#         214
  C:134FH         LINE#         215
  C:135EH         LINE#         216
  C:135EH         LINE#         217
  C:1363H         LINE#         219
  C:136AH         LINE#         220
  C:1375H         LINE#         221
  -------         ENDPROC       DISPLAY_ROW
  -------         PROC          INTERRUPTTIMER1
  C:0A8AH         LINE#         224
  C:0AA7H         LINE#         226
  C:0AAAH         LINE#         227
  C:0AADH         LINE#         229
  C:0AAFH         LINE#         233
  C:0AC1H         LINE#         234
  C:0AC1H         LINE#         235
  C:0AC1H         LINE#         236
  C:0AC1H         LINE#         237
  C:0ACFH         LINE#         238
  C:0ACFH         LINE#         239
  C:0AD4H         LINE#         240
  C:0ADCH         LINE#         241
  C:0AEDH         LINE#         242
  C:0AEDH         LINE#         243
  C:0AEDH         LINE#         244
  C:0AF0H         LINE#         245
  C:0AF0H         LINE#         246
  C:0AF0H         LINE#         247
  C:0AFEH         LINE#         248
  C:0AFEH         LINE#         249
  C:0B01H         LINE#         250
  C:0B1FH         LINE#         251
  C:0B24H         LINE#         252
  C:0B24H         LINE#         253
  C:0B2CH         LINE#         254
  C:0B37H         LINE#         255
  C:0B37H         LINE#         256
BL51 BANKED LINKER/LOCATER V6.22.2.0                                                  08/28/2022  12:35:48  PAGE 25


  C:0B3AH         LINE#         257
  C:0B3AH         LINE#         258
  C:0B3CH         LINE#         260
  C:0B3CH         LINE#         261
  C:0B44H         LINE#         262
  C:0B4AH         LINE#         263
  C:0B4AH         LINE#         264
  C:0B4DH         LINE#         265
  C:0B4DH         LINE#         266
  C:0B4DH         LINE#         267
  C:0B4DH         LINE#         268
  C:0B4FH         LINE#         269
  C:0B4FH         LINE#         270
  C:0B4FH         LINE#         271
  C:0B5AH         LINE#         272
  C:0B5AH         LINE#         273
  C:0B5FH         LINE#         274
  C:0B67H         LINE#         275
  C:0B78H         LINE#         276
  C:0B7BH         LINE#         277
  C:0B7BH         LINE#         278
  C:0B7BH         LINE#         279
  C:0B7BH         LINE#         280
  C:0B7BH         LINE#         308
  -------         ENDPROC       INTERRUPTTIMER1
  -------         ENDMOD        DS2812B

  -------         MODULE        ?C?COPY
  C:047CH         PUBLIC        ?C?COPY
  -------         ENDMOD        ?C?COPY

  -------         MODULE        ?C?CLDOPTR
  C:04A2H         PUBLIC        ?C?CLDOPTR
  -------         ENDMOD        ?C?CLDOPTR

  -------         MODULE        ?C?LMUL
  C:04CFH         PUBLIC        ?C?LMUL
  -------         ENDMOD        ?C?LMUL

  -------         MODULE        ?C?ULDIV
  C:055AH         PUBLIC        ?C?ULDIV
  -------         ENDMOD        ?C?ULDIV

  -------         MODULE        ?C?ULCMP
  C:05ECH         PUBLIC        ?C?ULCMP
  -------         ENDMOD        ?C?ULCMP

  -------         MODULE        ?C?ULSHR
  C:05FDH         PUBLIC        ?C?ULSHR
  -------         ENDMOD        ?C?ULSHR

  -------         MODULE        ?C?LSTPDATA
  C:0610H         PUBLIC        ?C?LSTPDATA
  -------         ENDMOD        ?C?LSTPDATA

  -------         MODULE        ?C?LSTKPDATA
  C:061CH         PUBLIC        ?C?LSTKPDATA
BL51 BANKED LINKER/LOCATER V6.22.2.0                                                  08/28/2022  12:35:48  PAGE 26


  -------         ENDMOD        ?C?LSTKPDATA

  -------         MODULE        ?C?CCASE
  C:0635H         PUBLIC        ?C?CCASE
  -------         ENDMOD        ?C?CCASE

  -------         MODULE        ?C?MEMSET
  C:065BH         PUBLIC        ?C?MEMSET
  -------         ENDMOD        ?C?MEMSET

Program Size: data=99.1 xdata=164 code=5211
LINK/LOCATE RUN COMPLETE.  0 WARNING(S),  0 ERROR(S)
